// Jest Snapshot v1, https://goo.gl/fbAQLP

exports[`App component matches snapshot DOM node structure 1`] = `
<DocumentFragment>
  <div>
    Loading...
  </div>
</DocumentFragment>
`;
